// Jest Snapshot v1, https://goo.gl/fbAQLP

exports[`should match with snapshot 1`] = `
<View
  accessibilityState={
    {
      "busy": undefined,
      "checked": undefined,
      "disabled": undefined,
      "expanded": undefined,
      "selected": undefined,
    }
  }
  accessibilityValue={
    {
      "max": undefined,
      "min": undefined,
      "now": undefined,
      "text": undefined,
    }
  }
  accessible={true}
  collapsable={false}
  focusable={false}
  onClick={[Function]}
  onResponderGrant={[Function]}
  onResponderMove={[Function]}
  onResponderRelease={[Function]}
  onResponderTerminate={[Function]}
  onResponderTerminationRequest={[Function]}
  onStartShouldSetResponder={[Function]}
  style={
    {
      "alignItems": "center",
      "backgroundColor": "lightblue",
      "borderRadius": 50,
      "justifyContent": "center",
      "margin": 20,
      "opacity": 1,
      "padding": 20,
    }
  }
  testID="button-touchable"
>
  <Text
    testID="button-title"
  >
    Testing Style
  </Text>
</View>
`;
